// Jest Snapshot v1, https://goo.gl/fbAQLP

exports[`PokemonPage component debe de match con el snapshop cuando cargan lo pokemons 1`] = `
<div>
  <h1>Quién es este pokémo?</h1>
  <pokemon-picture-stub pokemonid="1" showpokemon="false"></pokemon-picture-stub>
  <pokemon-options-stub pokemons="[object Object],[object Object],[object Object],[object Object]"></pokemon-options-stub>
  <!--v-if-->
</div>
`;
