// Jest Snapshot v1, https://goo.gl/fbAQLP

exports[`PokemonPicture component debe de hacer match con el snapshop 1`] = `[Function]`;
